[cargo-remote] uncommitted changes detected — running locally
[cargo-remote] falling back to local (CPUQuota=200%, MemoryMax=6G)
warning: unused import: `serde_json::json`
  --> hoop-daemon/src/prompt_substitute.rs:15:5
   |
15 | use serde_json::json;
   |     ^^^^^^^^^^^^^^^^
   |
   = note: `#[warn(unused_imports)]` (part of `#[warn(unused)]`) on by default

warning: type `PatternCategory` is more private than the item `DetectedPattern::category`
  --> hoop-daemon/src/reflection_detector.rs:88:5
   |
88 |     pub category: PatternCategory,
   |     ^^^^^^^^^^^^^^^^^^^^^^^^^^^^^ field `DetectedPattern::category` is reachable at visibility `pub`
   |
note: but type `PatternCategory` is only usable at visibility `pub(self)`
  --> hoop-daemon/src/reflection_detector.rs:60:1
   |
60 | enum PatternCategory {
   | ^^^^^^^^^^^^^^^^^^^^
   = note: `#[warn(private_interfaces)]` on by default

warning: function `openapi_router` is never used
    --> hoop-daemon/src/lib.rs:1293:4
     |
1293 | fn openapi_router() -> Router<DaemonState> {
     |    ^^^^^^^^^^^^^^
     |
     = note: `#[warn(dead_code)]` (part of `#[warn(unused)]`) on by default

warning: function `load_hoop_config` is never used
    --> hoop-daemon/src/lib.rs:3812:10
     |
3812 | async fn load_hoop_config() -> Option<hoop_schema::HoopConfig> {
     |          ^^^^^^^^^^^^^^^^

warning: function `check_and_emit_capacity_alert` is never used
    --> hoop-daemon/src/lib.rs:4079:4
     |
4079 | fn check_and_emit_capacity_alert() -> anyhow::Result<()> {
     |    ^^^^^^^^^^^^^^^^^^^^^^^^^^^^^

warning: field `session_id` is never read
   --> hoop-daemon/src/capacity.rs:358:5
    |
355 | struct ParsedPrompt {
    |        ------------ field in this struct
...
358 |     session_id: String,
    |     ^^^^^^^^^^
    |
    = note: `ParsedPrompt` has a derived impl for the trait `Debug`, but this is intentionally ignored during dead code analysis

warning: function `get_opencode_limits` is never used
   --> hoop-daemon/src/capacity.rs:472:4
    |
472 | fn get_opencode_limits() -> OpenCodePromptLimits {
    |    ^^^^^^^^^^^^^^^^^^^

warning: field `session_subpath` is never read
   --> hoop-daemon/src/capacity.rs:526:5
    |
522 | struct GeminiAccountPaths {
    |        ------------------ field in this struct
...
526 |     session_subpath: String,
    |     ^^^^^^^^^^^^^^^
    |
    = note: `GeminiAccountPaths` has derived impls for the traits `Clone` and `Debug`, but these are intentionally ignored during dead code analysis

warning: field `rpm_limit` is never read
  --> hoop-daemon/src/capacity.rs:55:13
   |
51 |     pub struct GeminiQuotaLimits {
   |                ----------------- field in this struct
...
55 |         pub rpm_limit: Option<u64>,
   |             ^^^^^^^^^
   |
   = note: `GeminiQuotaLimits` has derived impls for the traits `Clone` and `Debug`, but these are intentionally ignored during dead code analysis

warning: struct `QuotaLimit` is never constructed
  --> hoop-daemon/src/capacity.rs:60:12
   |
60 |     struct QuotaLimit {
   |            ^^^^^^^^^^

warning: field `subpath` is never read
   --> hoop-daemon/src/sessions.rs:557:5
    |
555 | pub struct GeminiSessionPath {
    |            ----------------- field in this struct
556 |     /// Subpath to sessions (e.g., "tmp" or "sessions")
557 |     subpath: String,
    |     ^^^^^^^
    |
    = note: `GeminiSessionPath` has derived impls for the traits `Clone` and `Debug`, but these are intentionally ignored during dead code analysis

warning: constant `MAX_UNASSIGNED_SESSIONS` is never used
   --> hoop-daemon/src/sessions.rs:763:7
    |
763 | const MAX_UNASSIGNED_SESSIONS: usize = 100;
    |       ^^^^^^^^^^^^^^^^^^^^^^^

warning: constant `STITCH_CLOSED_THRESHOLD_SECONDS` is never used
  --> hoop-daemon/src/stitch_percentile_index.rs:72:7
   |
72 | const STITCH_CLOSED_THRESHOLD_SECONDS: i64 = 300;
   |       ^^^^^^^^^^^^^^^^^^^^^^^^^^^^^^^

warning: `hoop-daemon` (lib) generated 13 warnings (run `cargo fix --lib -p hoop-daemon` to apply 1 suggestion)
    Finished `test` profile [unoptimized + debuginfo] target(s) in 0.14s
     Running tests/bead_status_deserialization.rs (/home/coding/target/debug/deps/bead_status_deserialization-ed2554a9a3acaffb)

running 2 tests
test bead_status_deserializes_known_lowercase_wire_values ... ok
test bead_status_unrecognized_status_becomes_unknown ... ok

test result: ok. 2 passed; 0 failed; 0 ignored; 0 measured; 0 filtered out; finished in 0.00s

