   Compiling hoop-daemon v1.0.0 (/home/coding/HOOP/hoop-daemon)
warning: unused import: `PathBuf`
  --> hoop-daemon/src/accounts_config.rs:27:23
   |
27 | use std::path::{Path, PathBuf};
   |                       ^^^^^^^
   |
   = note: `#[warn(unused_imports)]` (part of `#[warn(unused)]`) on by default

warning: unused import: `warn`
  --> hoop-daemon/src/accounts_config.rs:28:28
   |
28 | use tracing::{debug, info, warn};
   |                            ^^^^

warning: unused import: `State`
  --> hoop-daemon/src/api_bead_files.rs:11:21
   |
11 |     extract::{Path, State},
   |                     ^^^^^

warning: unused imports: `Connection` and `params`
  --> hoop-daemon/src/api_bead_files.rs:16:16
   |
16 | use rusqlite::{params, Connection};
   |                ^^^^^^  ^^^^^^^^^^

warning: unused import: `Deserialize`
  --> hoop-daemon/src/api_bead_files.rs:17:13
   |
17 | use serde::{Deserialize, Serialize};
   |             ^^^^^^^^^^^

warning: unused import: `get`
  --> hoop-daemon/src/api_pattern_mutations.rs:14:23
   |
14 |     routing::{delete, get, post, put},
   |                       ^^^

warning: unused import: `std::sync::Arc`
  --> hoop-daemon/src/api_stitch_decompose.rs:30:5
   |
30 | use std::sync::Arc;
   |     ^^^^^^^^^^^^^^

warning: unused import: `ReplayOptions`
 --> hoop-daemon/src/api_stitch_replay.rs:8:42
  |
8 | use crate::stitch_reconstruction::{self, ReplayOptions};
  |                                          ^^^^^^^^^^^^^

warning: unused import: `ParsedSessionKind`
  --> hoop-daemon/src/api_unassigned.rs:23:34
   |
23 | use hoop_schema::{ParsedSession, ParsedSessionKind};
   |                                  ^^^^^^^^^^^^^^^^^

warning: unused import: `RecommendedWatcher`
  --> hoop-daemon/src/api_skills.rs:39:14
   |
39 | use notify::{RecommendedWatcher, RecursiveMode, Watcher};
   |              ^^^^^^^^^^^^^^^^^^

warning: unused import: `PathBuf`
  --> hoop-daemon/src/atomic_write.rs:42:23
   |
42 | use std::path::{Path, PathBuf};
   |                       ^^^^^^^

warning: unused import: `std::time::Duration as StdDuration`
  --> hoop-daemon/src/capacity.rs:25:5
   |
25 | use std::time::Duration as StdDuration;
   |     ^^^^^^^^^^^^^^^^^^^^^^^^^^^^^^^^^^

warning: unused import: `OpenCodeLimits as AccountsOpenCodeLimits`
  --> hoop-daemon/src/capacity.rs:28:46
   |
28 | use crate::accounts_config::{AccountsConfig, OpenCodeLimits as AccountsOpenCodeLimits};
   |                                              ^^^^^^^^^^^^^^^^^^^^^^^^^^^^^^^^^^^^^^^^

warning: unused import: `chrono::Utc`
 --> hoop-daemon/src/content_blocks.rs:7:5
  |
7 | use chrono::Utc;
  |     ^^^^^^^^^^^

warning: unused import: `std::collections::HashMap`
  --> hoop-daemon/src/api_presence.rs:20:5
   |
20 | use std::collections::HashMap;
   |     ^^^^^^^^^^^^^^^^^^^^^^^^^

warning: unused import: `get`
  --> hoop-daemon/src/api_tour_project.rs:12:23
   |
12 |     routing::{delete, get, post},
   |                       ^^^

warning: unused import: `serde::Serialize`
  --> hoop-daemon/src/migrations.rs:51:5
   |
51 | use serde::Serialize;
   |     ^^^^^^^^^^^^^^^^

warning: unused import: `anyhow`
  --> hoop-daemon/src/stitch_reconstruction.rs:19:14
   |
19 | use anyhow::{anyhow, bail, Context, Result};
   |              ^^^^^^

warning: unused import: `std::collections::HashMap`
  --> hoop-daemon/src/stitch_reconstruction.rs:22:5
   |
22 | use std::collections::HashMap;
   |     ^^^^^^^^^^^^^^^^^^^^^^^^^

warning: unused import: `anyhow::Result`
  --> hoop-daemon/src/stuck_detector.rs:20:5
   |
20 | use anyhow::Result;
   |     ^^^^^^^^^^^^^^

warning: unused imports: `anyhow` and `bail`
  --> hoop-daemon/src/prompt_substitute.rs:13:14
   |
13 | use anyhow::{anyhow, bail, Result};
   |              ^^^^^^  ^^^^

warning: unused import: `json`
  --> hoop-daemon/src/prompt_substitute.rs:15:18
   |
15 | use serde_json::{json, Value};
   |                  ^^^^

warning: unused import: `SubstitutionContext`
  --> hoop-daemon/src/api_prompts.rs:45:54
   |
45 | use crate::prompt_substitute::{substitute_with_args, SubstitutionContext};
   |                                                      ^^^^^^^^^^^^^^^^^^^

warning: unused import: `warn`
  --> hoop-daemon/src/config_backup.rs:14:21
   |
14 | use tracing::{info, warn};
   |                     ^^^^

warning: unused import: `SimilarStitch`
  --> hoop-daemon/src/cross_project_propagation.rs:15:51
   |
15 | use crate::similarity::{self, CombinedSimilarity, SimilarStitch};
   |                                                   ^^^^^^^^^^^^^

warning: unused import: `DateTime`
  --> hoop-daemon/src/cross_project_propagation.rs:17:14
   |
17 | use chrono::{DateTime, Utc};
   |              ^^^^^^^^

warning: unused imports: `delete` and `put`
  --> hoop-daemon/src/api_fix_patterns.rs:16:15
   |
16 |     routing::{delete, get, post, put},
   |               ^^^^^^             ^^^

warning: unused import: `self`
  --> hoop-daemon/src/api_screen_capture.rs:12:28
   |
12 | use crate::id_validators::{self, ValidStitchId};
   |                            ^^^^

warning: unused import: `Path`
  --> hoop-daemon/src/screen_capture.rs:23:17
   |
23 | use std::path::{Path, PathBuf};
   |                 ^^^^

warning: unused imports: `Deserialize` and `Serialize`
  --> hoop-daemon/src/saturation_detector.rs:17:13
   |
17 | use serde::{Deserialize, Serialize};
   |             ^^^^^^^^^^^  ^^^^^^^^^

warning: unused import: `crate::log_rotation`
 --> hoop-daemon/src/observer.rs:8:5
  |
8 | use crate::log_rotation;
  |     ^^^^^^^^^^^^^^^^^^^

warning: unused import: `TcpStream`
  --> hoop-daemon/src/observer.rs:16:31
   |
16 | use tokio::net::{TcpListener, TcpStream};
   |                               ^^^^^^^^^

warning: unused import: `config_watcher::AgentConfigChanged`
    --> hoop-daemon/src/lib.rs:3151:25
     |
3151 |                     use config_watcher::AgentConfigChanged;
     |                         ^^^^^^^^^^^^^^^^^^^^^^^^^^^^^^^^^^

warning: variable does not need to be mutable
   --> hoop-daemon/src/api_tour_project.rs:239:9
    |
239 |     let mut conn = rusqlite::Connection::open_with_flags(
    |         ----^^^^
    |         |
    |         help: remove this `mut`
    |
    = note: `#[warn(unused_mut)]` (part of `#[warn(unused)]`) on by default

warning: variable does not need to be mutable
   --> hoop-daemon/src/api_fix_patterns.rs:454:13
    |
454 |         let mut conn = match rusqlite::Connection::open(&db_path) {
    |             ----^^^^
    |             |
    |             help: remove this `mut`

warning: variable does not need to be mutable
    --> hoop-daemon/src/lib.rs:3446:13
     |
3446 |         let mut shutdown_rx = state.shutdown.subscribe();
     |             ----^^^^^^^^^^^
     |             |
     |             help: remove this `mut`

error[E0277]: the trait bound `ScriptRunRequest: ToSchema` is not satisfied
   --> hoop-daemon/src/openapi.rs:453:13
    |
453 |             crate::api_scripts::ScriptRunRequest,
    |             ^^^^^^^^^^^^^^^^^^^^^^^^^^^^^^^^^^^^ unsatisfied trait bound
    |
help: the trait `ToSchema` is not implemented for `ScriptRunRequest`
   --> hoop-daemon/src/api_scripts.rs:162:1
    |
162 | pub struct ScriptRunRequest {
    | ^^^^^^^^^^^^^^^^^^^^^^^^^^^
    = help: the following other types implement trait `ToSchema`:
              &'t [T]
              &'t mut [T]
              &str
              ()
              AbandonDraftResponse
              ActionKind
              ActionResult
              AdapterCostTrend
            and 251 others

error[E0277]: the trait bound `ScriptRunRequest: PartialSchema` is not satisfied
   --> hoop-daemon/src/openapi.rs:453:13
    |
453 |             crate::api_scripts::ScriptRunRequest,
    |             ^^^^^^^^^^^^^^^^^^^^^^^^^^^^^^^^^^^^ unsatisfied trait bound
    |
help: the trait `utoipa::__dev::ComposeSchema` is not implemented for `ScriptRunRequest`
   --> hoop-daemon/src/api_scripts.rs:162:1
    |
162 | pub struct ScriptRunRequest {
    | ^^^^^^^^^^^^^^^^^^^^^^^^^^^
    = help: the following other types implement trait `utoipa::__dev::ComposeSchema`:
              &[T]
              &mut [T]
              &str
              AbandonDraftResponse
              ActionKind
              ActionResult
              AdapterCostTrend
              AdbDictateResponse
            and 250 others
    = note: required for `ScriptRunRequest` to implement `PartialSchema`
note: required by a bound in `schemas`
   --> /home/coding/.cargo/registry/src/index.crates.io-1949cf8c6b5b557f/utoipa-5.5.0/src/lib.rs:374:21
    |
374 | pub trait ToSchema: PartialSchema {
    |                     ^^^^^^^^^^^^^ required by this bound in `ToSchema::schemas`
...
461 |     fn schemas(
    |        ------- required by a bound in this associated function

error[E0277]: the trait bound `EnableTourRequest: ToSchema` is not satisfied
   --> hoop-daemon/src/openapi.rs:497:13
    |
497 |             crate::api_tour_project::EnableTourRequest,
    |             ^^^^^^^^^^^^^^^^^^^^^^^^^^^^^^^^^^^^^^^^^^ unsatisfied trait bound
    |
help: the trait `ToSchema` is not implemented for `EnableTourRequest`
   --> hoop-daemon/src/api_tour_project.rs:34:1
    |
 34 | pub struct EnableTourRequest {
    | ^^^^^^^^^^^^^^^^^^^^^^^^^^^^
    = help: the following other types implement trait `ToSchema`:
              &'t [T]
              &'t mut [T]
              &str
              ()
              AbandonDraftResponse
              ActionKind
              ActionResult
              AdapterCostTrend
            and 251 others

error[E0277]: the trait bound `EnableTourRequest: PartialSchema` is not satisfied
   --> hoop-daemon/src/openapi.rs:497:13
    |
497 |             crate::api_tour_project::EnableTourRequest,
    |             ^^^^^^^^^^^^^^^^^^^^^^^^^^^^^^^^^^^^^^^^^^ unsatisfied trait bound
    |
help: the trait `utoipa::__dev::ComposeSchema` is not implemented for `EnableTourRequest`
   --> hoop-daemon/src/api_tour_project.rs:34:1
    |
 34 | pub struct EnableTourRequest {
    | ^^^^^^^^^^^^^^^^^^^^^^^^^^^^
    = help: the following other types implement trait `utoipa::__dev::ComposeSchema`:
              &[T]
              &mut [T]
              &str
              AbandonDraftResponse
              ActionKind
              ActionResult
              AdapterCostTrend
              AdbDictateResponse
            and 250 others
    = note: required for `EnableTourRequest` to implement `PartialSchema`
note: required by a bound in `schemas`
   --> /home/coding/.cargo/registry/src/index.crates.io-1949cf8c6b5b557f/utoipa-5.5.0/src/lib.rs:374:21
    |
374 | pub trait ToSchema: PartialSchema {
    |                     ^^^^^^^^^^^^^ required by this bound in `ToSchema::schemas`
...
461 |     fn schemas(
    |        ------- required by a bound in this associated function

error[E0277]: the trait bound `ListJobsQuery: ToSchema` is not satisfied
   --> hoop-daemon/src/openapi.rs:500:13
    |
500 |             crate::api_transcription::ListJobsQuery,
    |             ^^^^^^^^^^^^^^^^^^^^^^^^^^^^^^^^^^^^^^^ unsatisfied trait bound
    |
help: the trait `ToSchema` is not implemented for `ListJobsQuery`
   --> hoop-daemon/src/api_transcription.rs:19:1
    |
 19 | pub struct ListJobsQuery {
    | ^^^^^^^^^^^^^^^^^^^^^^^^
    = help: the following other types implement trait `ToSchema`:
              &'t [T]
              &'t mut [T]
              &str
              ()
              AbandonDraftResponse
              ActionKind
              ActionResult
              AdapterCostTrend
            and 251 others

error[E0277]: the trait bound `ListJobsQuery: PartialSchema` is not satisfied
   --> hoop-daemon/src/openapi.rs:500:13
    |
500 |             crate::api_transcription::ListJobsQuery,
    |             ^^^^^^^^^^^^^^^^^^^^^^^^^^^^^^^^^^^^^^^ unsatisfied trait bound
    |
help: the trait `utoipa::__dev::ComposeSchema` is not implemented for `ListJobsQuery`
   --> hoop-daemon/src/api_transcription.rs:19:1
    |
 19 | pub struct ListJobsQuery {
    | ^^^^^^^^^^^^^^^^^^^^^^^^
    = help: the following other types implement trait `utoipa::__dev::ComposeSchema`:
              &[T]
              &mut [T]
              &str
              AbandonDraftResponse
              ActionKind
              ActionResult
              AdapterCostTrend
              AdbDictateResponse
            and 250 others
    = note: required for `ListJobsQuery` to implement `PartialSchema`
note: required by a bound in `schemas`
   --> /home/coding/.cargo/registry/src/index.crates.io-1949cf8c6b5b557f/utoipa-5.5.0/src/lib.rs:374:21
    |
374 | pub trait ToSchema: PartialSchema {
    |                     ^^^^^^^^^^^^^ required by this bound in `ToSchema::schemas`
...
461 |     fn schemas(
    |        ------- required by a bound in this associated function

error[E0277]: the trait bound `EnableTourRequest: ToSchema` is not satisfied
  --> hoop-daemon/src/api_tour_project.rs:73:20
   |
73 |     request_body = EnableTourRequest,
   |                    ^^^^^^^^^^^^^^^^^ unsatisfied trait bound
   |
help: the trait `ToSchema` is not implemented for `EnableTourRequest`
  --> hoop-daemon/src/api_tour_project.rs:34:1
   |
34 | pub struct EnableTourRequest {
   | ^^^^^^^^^^^^^^^^^^^^^^^^^^^^
   = help: the following other types implement trait `ToSchema`:
             &'t [T]
             &'t mut [T]
             &str
             ()
             AbandonDraftResponse
             ActionKind
             ActionResult
             AdapterCostTrend
           and 251 others

error[E0277]: the trait bound `EnableTourRequest: PartialSchema` is not satisfied
   --> hoop-daemon/src/api_tour_project.rs:73:20
    |
 73 |     request_body = EnableTourRequest,
    |                    ^^^^^^^^^^^^^^^^^ unsatisfied trait bound
    |
help: the trait `utoipa::__dev::ComposeSchema` is not implemented for `EnableTourRequest`
   --> hoop-daemon/src/api_tour_project.rs:34:1
    |
 34 | pub struct EnableTourRequest {
    | ^^^^^^^^^^^^^^^^^^^^^^^^^^^^
    = help: the following other types implement trait `utoipa::__dev::ComposeSchema`:
              &[T]
              &mut [T]
              &str
              AbandonDraftResponse
              ActionKind
              ActionResult
              AdapterCostTrend
              AdbDictateResponse
            and 250 others
    = note: required for `EnableTourRequest` to implement `PartialSchema`
note: required by a bound in `name`
   --> /home/coding/.cargo/registry/src/index.crates.io-1949cf8c6b5b557f/utoipa-5.5.0/src/lib.rs:374:21
    |
374 | pub trait ToSchema: PartialSchema {
    |                     ^^^^^^^^^^^^^ required by this bound in `ToSchema::name`
...
405 |     fn name() -> Cow<'static, str> {
    |        ---- required by a bound in this associated function

error[E0277]: the trait bound `CreateScreenCaptureRequest: ToSchema` is not satisfied
  --> hoop-daemon/src/api_screen_capture.rs:84:20
   |
84 |     request_body = CreateScreenCaptureRequest,
   |                    ^^^^^^^^^^^^^^^^^^^^^^^^^^ unsatisfied trait bound
   |
help: the trait `ToSchema` is not implemented for `CreateScreenCaptureRequest`
  --> hoop-daemon/src/api_screen_capture.rs:34:1
   |
34 | struct CreateScreenCaptureRequest {
   | ^^^^^^^^^^^^^^^^^^^^^^^^^^^^^^^^^
   = help: the following other types implement trait `ToSchema`:
             &'t [T]
             &'t mut [T]
             &str
             ()
             AbandonDraftResponse
             ActionKind
             ActionResult
             AdapterCostTrend
           and 252 others

error[E0277]: the trait bound `CreateScreenCaptureRequest: PartialSchema` is not satisfied
   --> hoop-daemon/src/api_screen_capture.rs:84:20
    |
 84 |     request_body = CreateScreenCaptureRequest,
    |                    ^^^^^^^^^^^^^^^^^^^^^^^^^^ unsatisfied trait bound
    |
help: the trait `utoipa::__dev::ComposeSchema` is not implemented for `CreateScreenCaptureRequest`
   --> hoop-daemon/src/api_screen_capture.rs:34:1
    |
 34 | struct CreateScreenCaptureRequest {
    | ^^^^^^^^^^^^^^^^^^^^^^^^^^^^^^^^^
    = help: the following other types implement trait `utoipa::__dev::ComposeSchema`:
              &[T]
              &mut [T]
              &str
              AbandonDraftResponse
              ActionKind
              ActionResult
              AdapterCostTrend
              AdbDictateResponse
            and 251 others
    = note: required for `CreateScreenCaptureRequest` to implement `PartialSchema`
note: required by a bound in `name`
   --> /home/coding/.cargo/registry/src/index.crates.io-1949cf8c6b5b557f/utoipa-5.5.0/src/lib.rs:374:21
    |
374 | pub trait ToSchema: PartialSchema {
    |                     ^^^^^^^^^^^^^ required by this bound in `ToSchema::name`
...
405 |     fn name() -> Cow<'static, str> {
    |        ---- required by a bound in this associated function

error[E0277]: the trait bound `StartStreamingUploadRequest: ToSchema` is not satisfied
   --> hoop-daemon/src/api_screen_capture.rs:366:20
    |
366 |     request_body = StartStreamingUploadRequest,
    |                    ^^^^^^^^^^^^^^^^^^^^^^^^^^^ unsatisfied trait bound
    |
help: the trait `ToSchema` is not implemented for `StartStreamingUploadRequest`
   --> hoop-daemon/src/api_screen_capture.rs:352:1
    |
352 | struct StartStreamingUploadRequest {
    | ^^^^^^^^^^^^^^^^^^^^^^^^^^^^^^^^^^
    = help: the following other types implement trait `ToSchema`:
              &'t [T]
              &'t mut [T]
              &str
              ()
              AbandonDraftResponse
              ActionKind
              ActionResult
              AdapterCostTrend
            and 252 others

error[E0277]: the trait bound `StartStreamingUploadRequest: PartialSchema` is not satisfied
   --> hoop-daemon/src/api_screen_capture.rs:366:20
    |
366 |     request_body = StartStreamingUploadRequest,
    |                    ^^^^^^^^^^^^^^^^^^^^^^^^^^^ unsatisfied trait bound
    |
help: the trait `utoipa::__dev::ComposeSchema` is not implemented for `StartStreamingUploadRequest`
   --> hoop-daemon/src/api_screen_capture.rs:352:1
    |
352 | struct StartStreamingUploadRequest {
    | ^^^^^^^^^^^^^^^^^^^^^^^^^^^^^^^^^^
    = help: the following other types implement trait `utoipa::__dev::ComposeSchema`:
              &[T]
              &mut [T]
              &str
              AbandonDraftResponse
              ActionKind
              ActionResult
              AdapterCostTrend
              AdbDictateResponse
            and 251 others
    = note: required for `StartStreamingUploadRequest` to implement `PartialSchema`
note: required by a bound in `name`
   --> /home/coding/.cargo/registry/src/index.crates.io-1949cf8c6b5b557f/utoipa-5.5.0/src/lib.rs:374:21
    |
374 | pub trait ToSchema: PartialSchema {
    |                     ^^^^^^^^^^^^^ required by this bound in `ToSchema::name`
...
405 |     fn name() -> Cow<'static, str> {
    |        ---- required by a bound in this associated function

error[E0277]: the trait bound `CompleteStreamingUploadRequest: ToSchema` is not satisfied
   --> hoop-daemon/src/api_screen_capture.rs:484:20
    |
484 |     request_body = CompleteStreamingUploadRequest,
    |                    ^^^^^^^^^^^^^^^^^^^^^^^^^^^^^^ unsatisfied trait bound
    |
help: the trait `ToSchema` is not implemented for `CompleteStreamingUploadRequest`
   --> hoop-daemon/src/api_screen_capture.rs:469:1
    |
469 | struct CompleteStreamingUploadRequest {
    | ^^^^^^^^^^^^^^^^^^^^^^^^^^^^^^^^^^^^^
    = help: the following other types implement trait `ToSchema`:
              &'t [T]
              &'t mut [T]
              &str
              ()
              AbandonDraftResponse
              ActionKind
              ActionResult
              AdapterCostTrend
            and 252 others

error[E0277]: the trait bound `CompleteStreamingUploadRequest: PartialSchema` is not satisfied
   --> hoop-daemon/src/api_screen_capture.rs:484:20
    |
484 |     request_body = CompleteStreamingUploadRequest,
    |                    ^^^^^^^^^^^^^^^^^^^^^^^^^^^^^^ unsatisfied trait bound
    |
help: the trait `utoipa::__dev::ComposeSchema` is not implemented for `CompleteStreamingUploadRequest`
   --> hoop-daemon/src/api_screen_capture.rs:469:1
    |
469 | struct CompleteStreamingUploadRequest {
    | ^^^^^^^^^^^^^^^^^^^^^^^^^^^^^^^^^^^^^
    = help: the following other types implement trait `utoipa::__dev::ComposeSchema`:
              &[T]
              &mut [T]
              &str
              AbandonDraftResponse
              ActionKind
              ActionResult
              AdapterCostTrend
              AdbDictateResponse
            and 251 others
    = note: required for `CompleteStreamingUploadRequest` to implement `PartialSchema`
note: required by a bound in `name`
   --> /home/coding/.cargo/registry/src/index.crates.io-1949cf8c6b5b557f/utoipa-5.5.0/src/lib.rs:374:21
    |
374 | pub trait ToSchema: PartialSchema {
    |                     ^^^^^^^^^^^^^ required by this bound in `ToSchema::name`
...
405 |     fn name() -> Cow<'static, str> {
    |        ---- required by a bound in this associated function

warning: unused variable: `start`
   --> hoop-daemon/src/backup_pipeline.rs:133:13
    |
133 |         let start = std::time::Instant::now();
    |             ^^^^^ help: if this is intentional, prefix it with an underscore: `_start`
    |
    = note: `#[warn(unused_variables)]` (part of `#[warn(unused)]`) on by default

warning: unused variable: `remote_addr`
   --> hoop-daemon/src/auth.rs:338:17
    |
338 |             let remote_addr = connect_info.map(|ci| ci.0);
    |                 ^^^^^^^^^^^ help: if this is intentional, prefix it with an underscore: `_remote_addr`

warning: unused variable: `required_role`
   --> hoop-daemon/src/auth.rs:329:13
    |
329 |         let required_role = required_role.clone();
    |             ^^^^^^^^^^^^^ help: if this is intentional, prefix it with an underscore: `_required_role`

warning: unused variable: `required_role`
   --> hoop-daemon/src/auth.rs:358:31
    |
358 |     if !matches!(actual_role, required_role) {
    |                               ^^^^^^^^^^^^^ help: if this is intentional, prefix it with an underscore: `_required_role`

warning: unused variable: `start`
   --> hoop-daemon/src/api_scripts.rs:311:9
    |
311 |     let start = Instant::now();
    |         ^^^^^ help: if this is intentional, prefix it with an underscore: `_start`

warning: variable `timed_out` is assigned to, but never used
   --> hoop-daemon/src/api_scripts.rs:360:9
    |
360 |     let mut timed_out = false;
    |         ^^^^^^^^^^^^^
    |
    = note: consider using `_timed_out` instead

warning: value assigned to `timed_out` is never read
   --> hoop-daemon/src/api_scripts.rs:367:13
    |
367 |             timed_out = true;
    |             ^^^^^^^^^^^^^^^^
    |
    = help: maybe it is overwritten before being read?
    = note: `#[warn(unused_assignments)]` (part of `#[warn(unused)]`) on by default

warning: unused variable: `elapsed_ms`
   --> hoop-daemon/src/api_stitch_links.rs:208:9
    |
208 |     let elapsed_ms = start.elapsed().as_secs_f64() * 1_000.0;
    |         ^^^^^^^^^^ help: if this is intentional, prefix it with an underscore: `_elapsed_ms`

warning: unused variable: `start`
   --> hoop-daemon/src/api_skills.rs:284:9
    |
284 |     let start = Instant::now();
    |         ^^^^^ help: if this is intentional, prefix it with an underscore: `_start`

warning: variable `timed_out` is assigned to, but never used
   --> hoop-daemon/src/api_skills.rs:344:9
    |
344 |     let mut timed_out = false;
    |         ^^^^^^^^^^^^^
    |
    = note: consider using `_timed_out` instead

warning: value assigned to `timed_out` is never read
   --> hoop-daemon/src/api_skills.rs:350:13
    |
350 |             timed_out = true;
    |             ^^^^^^^^^^^^^^^^
    |
    = help: maybe it is overwritten before being read?

warning: unused variable: `config`
   --> hoop-daemon/src/capacity.rs:213:29
    |
213 |     fn fetch_quota_via_http(config: &GcpQuotaConfig) -> Option<GeminiQuotaLimits> {
    |                             ^^^^^^ help: if this is intentional, prefix it with an underscore: `_config`

warning: variable does not need to be mutable
   --> hoop-daemon/src/capacity.rs:593:13
    |
593 |         let mut gemini_dirs = Self::discover_gemini_dirs(&home);
    |             ----^^^^^^^^^^^
    |             |
    |             help: remove this `mut`

warning: variable does not need to be mutable
   --> hoop-daemon/src/capacity.rs:596:13
    |
596 |         let mut opencode_dirs = Self::discover_opencode_dirs(&home);
    |             ----^^^^^^^^^^^^^
    |             |
    |             help: remove this `mut`

warning: unused variable: `event_type`
    --> hoop-daemon/src/capacity.rs:1796:17
     |
1796 |             let event_type = entry.get("type").and_then(|v| v.as_str());
     |                 ^^^^^^^^^^ help: if this is intentional, prefix it with an underscore: `_event_type`

warning: unused variable: `initial_hash`
   --> hoop-daemon/src/config_watcher.rs:111:13
    |
111 |         let initial_hash = hex::encode(Sha256::digest(initial_raw.as_bytes()));
    |             ^^^^^^^^^^^^ help: if this is intentional, prefix it with an underscore: `_initial_hash`

warning: unused variable: `cfg`
   --> hoop-daemon/src/config_watcher.rs:139:13
    |
139 |         let cfg = self.config.lock().await;
    |             ^^^ help: if this is intentional, prefix it with an underscore: `_cfg`

warning: unused variable: `start`
    --> hoop-daemon/src/fleet.rs:1704:9
     |
1704 |     let start = std::time::Instant::now();
     |         ^^^^^ help: if this is intentional, prefix it with an underscore: `_start`

warning: unused variable: `link_kind`
   --> hoop-daemon/src/stitch_traversal.rs:210:28
    |
210 |             let (child_id, link_kind) = child_row?;
    |                            ^^^^^^^^^ help: if this is intentional, prefix it with an underscore: `_link_kind`

warning: unused variable: `schedule`
   --> hoop-daemon/src/script_scheduler.rs:139:38
    |
139 |                 .filter_map(|(name, (schedule, overlap_policy))| {
    |                                      ^^^^^^^^ help: if this is intentional, prefix it with an underscore: `_schedule`

warning: unused variable: `overlap_policy`
   --> hoop-daemon/src/script_scheduler.rs:109:31
    |
109 |         for (name, (schedule, overlap_policy)) in &scheduled {
    |                               ^^^^^^^^^^^^^^ help: if this is intentional, prefix it with an underscore: `_overlap_policy`

warning: unused variable: `workspace`
   --> hoop-daemon/src/stitch_reconstruction.rs:297:47
    |
297 | fn load_conversation_history(stitch_id: &str, workspace: &Path) -> Result<Vec<ConversationMessage>> {
    |                                               ^^^^^^^^^ help: if this is intentional, prefix it with an underscore: `_workspace`

warning: unused variable: `transition_secs`
   --> hoop-daemon/src/stuck_detector.rs:463:21
    |
463 |                 let transition_secs = if let Some(ts) = state.last_transition_at {
    |                     ^^^^^^^^^^^^^^^ help: if this is intentional, prefix it with an underscore: `_transition_secs`

warning: unused variable: `created_by`
   --> hoop-daemon/src/cross_project_propagation.rs:220:36
    |
220 |     let (id, project, kind, title, created_by, created_at) = conn.query_row(
    |                                    ^^^^^^^^^^ help: if this is intentional, prefix it with an underscore: `_created_by`

warning: unused variable: `conn`
   --> hoop-daemon/src/cross_project_propagation.rs:451:19
    |
451 | fn is_stitch_open(conn: &rusqlite::Connection, last_activity_at: &str) -> bool {
    |                   ^^^^ help: if this is intentional, prefix it with an underscore: `_conn`

warning: variable does not need to be mutable
   --> hoop-daemon/src/cross_project_propagation.rs:468:9
    |
468 |     let mut shared_files = Vec::new();
    |         ----^^^^^^^^^^^^
    |         |
    |         help: remove this `mut`

warning: variable does not need to be mutable
   --> hoop-daemon/src/cross_project_propagation.rs:476:9
    |
476 |     let mut shared_labels = Vec::new();
    |         ----^^^^^^^^^^^^^
    |         |
    |         help: remove this `mut`

warning: unused variable: `sim`
   --> hoop-daemon/src/cross_project_propagation.rs:469:13
    |
469 |     for (_, sim) in matches {
    |             ^^^ help: if this is intentional, prefix it with an underscore: `_sim`

warning: unused variable: `source_labels`
   --> hoop-daemon/src/cross_project_propagation.rs:475:9
    |
475 |     let source_labels: HashSet<_> = source.labels.iter().map(|l| l.to_lowercase()).collect();
    |         ^^^^^^^^^^^^^ help: if this is intentional, prefix it with an underscore: `_source_labels`

warning: unused variable: `create_req`
   --> hoop-daemon/src/api_fix_patterns.rs:444:13
    |
444 |         let create_req = CreatePatternRequest {
    |             ^^^^^^^^^^ help: if this is intentional, prefix it with an underscore: `_create_req`

warning: unused variable: `attachments_dir`
   --> hoop-daemon/src/screen_capture.rs:327:13
    |
327 |         let attachments_dir = attachments_dir(&valid_stitch_id)?;
    |             ^^^^^^^^^^^^^^^ help: if this is intentional, prefix it with an underscore: `_attachments_dir`

warning: unused variable: `dashboard`
   --> hoop-daemon/src/observer.rs:210:13
    |
210 |         let dashboard: Value = resp.json().await?;
    |             ^^^^^^^^^ help: if this is intentional, prefix it with an underscore: `_dashboard`

warning: variable does not need to be mutable
  --> hoop-daemon/src/fix_patterns.rs:83:13
   |
83 |         let mut conn = Connection::open(&db_path)?;
   |             ----^^^^
   |             |
   |             help: remove this `mut`

warning: variable does not need to be mutable
   --> hoop-daemon/src/fix_patterns.rs:277:13
    |
277 |         let mut conn = Connection::open(&db_path)?;
    |             ----^^^^
    |             |
    |             help: remove this `mut`

warning: unused variable: `abs_path`
   --> hoop-daemon/src/lib.rs:975:10
    |
975 |     let (abs_path, filename, content) = tokio::task::spawn_blocking(move || -> anyhow::Result<(std::path::PathBuf, String, String)> {
    |          ^^^^^^^^ help: if this is intentional, prefix it with an underscore: `_abs_path`

warning: unused variable: `project`
    --> hoop-daemon/src/lib.rs:2415:43
     |
2415 |         Arc::new(move |stitch_id: String, project: String| {
     |                                           ^^^^^^^ help: if this is intentional, prefix it with an underscore: `_project`

warning: unused variable: `synthesis_callback`
    --> hoop-daemon/src/lib.rs:2413:9
     |
2413 |     let synthesis_callback: transcription::TranscriptionCompleteCallback = {
     |         ^^^^^^^^^^^^^^^^^^ help: if this is intentional, prefix it with an underscore: `_synthesis_callback`

warning: unused variable: `semaphore_ref`
    --> hoop-daemon/src/lib.rs:3077:13
     |
3077 |         let semaphore_ref = state.br_semaphore.clone();
     |             ^^^^^^^^^^^^^ help: if this is intentional, prefix it with an underscore: `_semaphore_ref`

For more information about this error, try `rustc --explain E0277`.
warning: `hoop-daemon` (lib) generated 74 warnings
error: could not compile `hoop-daemon` (lib) due to 22 previous errors; 74 warnings emitted
